2021/11/07 15:49:00 lesson.go:24: Exit open fafafa: no such file or directory
2021/11/07 15:50:06 /Users/endoseiya/workspace_me/udemy/go/learning-go/cmd/lesson.go:24: Exit open fafafa: no such file or directory
